[debug] [2026-07-22T12:08:42.196Z] ----------------------------------------------------------------------
[debug] [2026-07-22T12:08:42.199Z] Command:       /usr/local/bin/node /usr/local/bin/firebase projects:list --project=gen-lang-client-0052637237
[debug] [2026-07-22T12:08:42.200Z] CLI Version:   15.22.2
[debug] [2026-07-22T12:08:42.200Z] Platform:      linux
[debug] [2026-07-22T12:08:42.200Z] Node Version:  v22.23.1
[debug] [2026-07-22T12:08:42.201Z] Detected Agent: unknown
[debug] [2026-07-22T12:08:42.201Z] Time:          Wed Jul 22 2026 12:08:42 GMT+0000 (Coordinated Universal Time)
[debug] [2026-07-22T12:08:42.202Z] ----------------------------------------------------------------------
[debug] 
[debug] [2026-07-22T12:08:42.205Z] >>> [apiv2][query] GET https://firebase-public.firebaseio.com/cli.json [none]
[debug] [2026-07-22T12:08:42.238Z] > command requires scopes: ["email","openid","https://www.googleapis.com/auth/cloudplatformprojects.readonly","https://www.googleapis.com/auth/firebase","https://www.googleapis.com/auth/cloud-platform"]
[debug] [2026-07-22T12:08:42.280Z] Running auto auth
[debug] [2026-07-22T12:08:42.287Z] No OAuth tokens found
[debug] [2026-07-22T12:08:42.287Z] >>> [apiv2][query] GET https://firebase.googleapis.com/v1beta1/projects pageSize=1000
[debug] [2026-07-22T12:08:42.333Z] <<< [apiv2][status] GET https://firebase.googleapis.com/v1beta1/projects 403
[debug] [2026-07-22T12:08:42.333Z] <<< [apiv2][body] GET https://firebase.googleapis.com/v1beta1/projects [omitted]
[debug] [2026-07-22T12:08:42.334Z] Request to https://firebase.googleapis.com/v1beta1/projects?pageSize=1000 had HTTP Error: 403, Firebase Management API has not been used in project 707128247986 before or it is disabled. Enable it by visiting https://console.developers.google.com/apis/api/firebase.googleapis.com/overview?project=707128247986 then retry. If you enabled this API recently, wait a few minutes for the action to propagate to our systems and retry.
[debug] [2026-07-22T12:08:42.335Z] FirebaseError: Request to https://firebase.googleapis.com/v1beta1/projects?pageSize=1000 had HTTP Error: 403, Firebase Management API has not been used in project 707128247986 before or it is disabled. Enable it by visiting https://console.developers.google.com/apis/api/firebase.googleapis.com/overview?project=707128247986 then retry. If you enabled this API recently, wait a few minutes for the action to propagate to our systems and retry.
    at responseToError (/usr/local/lib/node_modules/firebase-tools/lib/responseToError.js:53:12)
    at RetryOperation._fn (/usr/local/lib/node_modules/firebase-tools/lib/apiv2.js:380:77)
    at process.processTicksAndRejections (node:internal/process/task_queues:103:5)
[error] 
[error] Error: Failed to list Firebase projects. See firebase-debug.log for more info.
